SQL> /*
SQL> Homework: create DB
SQL> Author: Josue Nunez
SQL> */
SQL> SELECT * FROM Sailors;
SELECT * FROM Sailors
              *
ERROR at line 1:
ORA-00942: table or view does not exist 


SQL> SELECT * FROM Boats;
SELECT * FROM Boats
              *
ERROR at line 1:
ORA-00942: table or view does not exist 


SQL> SELECT * FROM Reservations;
SELECT * FROM Reservations
              *
ERROR at line 1:
ORA-00942: table or view does not exist 


SQL> SELECT * FROM LazySailors;
SELECT * FROM LazySailors
              *
ERROR at line 1:
ORA-00942: table or view does not exist 


SQL> SET AUTOCOMMIT ON;
SQL> INSERT INTO Sailors VALUES (22, 'Dave', 6, 45.0, 95);
INSERT INTO Sailors VALUES (22, 'Dave', 6, 45.0, 95)
            *
ERROR at line 1:
ORA-00942: table or view does not exist 


SQL> INSERT INTO Sailors VALUES (21, 'Jay', 6, 45.0, 99);
INSERT INTO Sailors VALUES (21, 'Jay', 6, 45.0, 99)
            *
ERROR at line 1:
ORA-00942: table or view does not exist 


SQL> INSERT INTO Sailors VALUES (92, 'Popeye', 17, 45.0, 95);
INSERT INTO Sailors VALUES (92, 'Popeye', 17, 45.0, 95)
            *
ERROR at line 1:
ORA-00942: table or view does not exist 


SQL> SET ECHO OFF
